// Jest Snapshot v1, https://goo.gl/fbAQLP

exports[`testing CalculatorPage component 1`] = `
<div>
  <div
    class="app-container"
    data-testid="calculator-component"
  >
    <h2>
      Let's do some math!
    </h2>
    <div
      class="calculator"
    >
      <div
        class="display"
        data-testid="display"
      >
        0
      </div>
      <div
        class="button-row"
      >
        <button
          class=""
          type="button"
        >
          AC
        </button>
        <button
          class=""
          type="button"
        >
          +/-
        </button>
        <button
          class=""
          type="button"
        >
          %
        </button>
        <button
          class=""
          type="button"
        >
          รท
        </button>
      </div>
      <div
        class="button-row"
      >
        <button
          class=""
          type="button"
        >
          7
        </button>
        <button
          class=""
          type="button"
        >
          8
        </button>
        <button
          class=""
          type="button"
        >
          9
        </button>
        <button
          class=""
          type="button"
        >
          x
        </button>
      </div>
      <div
        class="button-row"
      >
        <button
          class=""
          type="button"
        >
          4
        </button>
        <button
          class=""
          type="button"
        >
          5
        </button>
        <button
          class=""
          type="button"
        >
          6
        </button>
        <button
          class=""
          type="button"
        >
          -
        </button>
      </div>
      <div
        class="button-row"
      >
        <button
          class=""
          type="button"
        >
          1
        </button>
        <button
          class=""
          type="button"
        >
          2
        </button>
        <button
          class=""
          type="button"
        >
          3
        </button>
        <button
          class=""
          type="button"
        >
          +
        </button>
      </div>
      <div
        class="button-row bottom-row"
      >
        <button
          class=""
          type="button"
        >
          0
        </button>
        <button
          class="narrow"
          type="button"
        >
          .
        </button>
        <button
          class="narrow"
          type="button"
        >
          =
        </button>
      </div>
    </div>
  </div>
</div>
`;
