// Jest Snapshot v1, https://goo.gl/fbAQLP

exports[`testing Quote component 1`] = `
<div
  class="loading"
>
  Loading the Quote
</div>
`;
